<?xml version="1.0" encoding="ISO-8859-1" ?>
<link_info>
   <banner>MSP430 Linker PC v21.6.1.LTS</banner>
   <copyright>Copyright (c) 2003-2018 Texas Instruments Incorporated</copyright>
   <link_time>0x6579c453</link_time>
   <link_errors>0x0</link_errors>
   <output_file>drosophila-s1.out</output_file>
   <entry_point>
      <name>_c_int00_noargs</name>
      <address>0xc134</address>
   </entry_point>
   <input_file_list>
      <input_file id="fl-2">
         <path>.\</path>
         <kind>object</kind>
         <file>main.obj</file>
         <name>main.obj</name>
      </input_file>
      <input_file id="fl-3">
         <path>.\</path>
         <kind>object</kind>
         <file>system.obj</file>
         <name>system.obj</name>
      </input_file>
      <input_file id="fl-4">
         <path>.\</path>
         <kind>object</kind>
         <file>uart.obj</file>
         <name>uart.obj</name>
      </input_file>
      <input_file id="fl-9">
         <kind>object</kind>
         <file>&lt;internal&gt;</file>
         <name>&lt;internal&gt;</name>
      </input_file>
      <input_file id="fl-1f">
         <path>C:\ti\ccs1250\ccs\tools\compiler\ti-cgt-msp430_21.6.1.LTS\lib\</path>
         <kind>archive</kind>
         <file>rts430_eabi.lib</file>
         <name>int00.asm.obj</name>
      </input_file>
      <input_file id="fl-20">
         <path>C:\ti\ccs1250\ccs\tools\compiler\ti-cgt-msp430_21.6.1.LTS\lib\</path>
         <kind>archive</kind>
         <file>rts430_eabi.lib</file>
         <name>int02.asm.obj</name>
      </input_file>
      <input_file id="fl-21">
         <path>C:\ti\ccs1250\ccs\tools\compiler\ti-cgt-msp430_21.6.1.LTS\lib\</path>
         <kind>archive</kind>
         <file>rts430_eabi.lib</file>
         <name>int03.asm.obj</name>
      </input_file>
      <input_file id="fl-22">
         <path>C:\ti\ccs1250\ccs\tools\compiler\ti-cgt-msp430_21.6.1.LTS\lib\</path>
         <kind>archive</kind>
         <file>rts430_eabi.lib</file>
         <name>int05.asm.obj</name>
      </input_file>
      <input_file id="fl-23">
         <path>C:\ti\ccs1250\ccs\tools\compiler\ti-cgt-msp430_21.6.1.LTS\lib\</path>
         <kind>archive</kind>
         <file>rts430_eabi.lib</file>
         <name>int08.asm.obj</name>
      </input_file>
      <input_file id="fl-24">
         <path>C:\ti\ccs1250\ccs\tools\compiler\ti-cgt-msp430_21.6.1.LTS\lib\</path>
         <kind>archive</kind>
         <file>rts430_eabi.lib</file>
         <name>int10.asm.obj</name>
      </input_file>
      <input_file id="fl-25">
         <path>C:\ti\ccs1250\ccs\tools\compiler\ti-cgt-msp430_21.6.1.LTS\lib\</path>
         <kind>archive</kind>
         <file>rts430_eabi.lib</file>
         <name>int11.asm.obj</name>
      </input_file>
      <input_file id="fl-26">
         <path>C:\ti\ccs1250\ccs\tools\compiler\ti-cgt-msp430_21.6.1.LTS\lib\</path>
         <kind>archive</kind>
         <file>rts430_eabi.lib</file>
         <name>int12.asm.obj</name>
      </input_file>
      <input_file id="fl-27">
         <path>C:\ti\ccs1250\ccs\tools\compiler\ti-cgt-msp430_21.6.1.LTS\lib\</path>
         <kind>archive</kind>
         <file>rts430_eabi.lib</file>
         <name>int13.asm.obj</name>
      </input_file>
      <input_file id="fl-28">
         <path>C:\ti\ccs1250\ccs\tools\compiler\ti-cgt-msp430_21.6.1.LTS\lib\</path>
         <kind>archive</kind>
         <file>rts430_eabi.lib</file>
         <name>int14.asm.obj</name>
      </input_file>
      <input_file id="fl-29">
         <path>C:\ti\ccs1250\ccs\tools\compiler\ti-cgt-msp430_21.6.1.LTS\lib\</path>
         <kind>archive</kind>
         <file>rts430_eabi.lib</file>
         <name>isr_trap.asm.obj</name>
      </input_file>
      <input_file id="fl-2a">
         <path>C:\ti\ccs1250\ccs\tools\compiler\ti-cgt-msp430_21.6.1.LTS\lib\</path>
         <kind>archive</kind>
         <file>rts430_eabi.lib</file>
         <name>boot.c.obj</name>
      </input_file>
      <input_file id="fl-2b">
         <path>C:\ti\ccs1250\ccs\tools\compiler\ti-cgt-msp430_21.6.1.LTS\lib\</path>
         <kind>archive</kind>
         <file>rts430_eabi.lib</file>
         <name>autoinit.c.obj</name>
      </input_file>
      <input_file id="fl-2c">
         <path>C:\ti\ccs1250\ccs\tools\compiler\ti-cgt-msp430_21.6.1.LTS\lib\</path>
         <kind>archive</kind>
         <file>rts430_eabi.lib</file>
         <name>copy_zero_init.c.obj</name>
      </input_file>
      <input_file id="fl-2d">
         <path>C:\ti\ccs1250\ccs\tools\compiler\ti-cgt-msp430_21.6.1.LTS\lib\</path>
         <kind>archive</kind>
         <file>rts430_eabi.lib</file>
         <name>cpy_tbl.c.obj</name>
      </input_file>
      <input_file id="fl-2e">
         <path>C:\ti\ccs1250\ccs\tools\compiler\ti-cgt-msp430_21.6.1.LTS\lib\</path>
         <kind>archive</kind>
         <file>rts430_eabi.lib</file>
         <name>mpu_init.c.obj</name>
      </input_file>
      <input_file id="fl-2f">
         <path>C:\ti\ccs1250\ccs\tools\compiler\ti-cgt-msp430_21.6.1.LTS\lib\</path>
         <kind>archive</kind>
         <file>rts430_eabi.lib</file>
         <name>pre_init.c.obj</name>
      </input_file>
      <input_file id="fl-30">
         <path>C:\ti\ccs1250\ccs\tools\compiler\ti-cgt-msp430_21.6.1.LTS\lib\</path>
         <kind>archive</kind>
         <file>rts430_eabi.lib</file>
         <name>startup.c.obj</name>
      </input_file>
      <input_file id="fl-31">
         <path>C:\ti\ccs1250\ccs\tools\compiler\ti-cgt-msp430_21.6.1.LTS\lib\</path>
         <kind>archive</kind>
         <file>rts430_eabi.lib</file>
         <name>copy_decompress_none.c.obj</name>
      </input_file>
      <input_file id="fl-32">
         <path>C:\ti\ccs1250\ccs\tools\compiler\ti-cgt-msp430_21.6.1.LTS\lib\</path>
         <kind>archive</kind>
         <file>rts430_eabi.lib</file>
         <name>copy_decompress_lzss.c.obj</name>
      </input_file>
      <input_file id="fl-33">
         <path>C:\ti\ccs1250\ccs\tools\compiler\ti-cgt-msp430_21.6.1.LTS\lib\</path>
         <kind>archive</kind>
         <file>rts430_eabi.lib</file>
         <name>exit.c.obj</name>
      </input_file>
      <input_file id="fl-34">
         <path>C:\ti\ccs1250\ccs\tools\compiler\ti-cgt-msp430_21.6.1.LTS\lib\</path>
         <kind>archive</kind>
         <file>rts430_eabi.lib</file>
         <name>_lock.c.obj</name>
      </input_file>
      <input_file id="fl-35">
         <path>C:\ti\ccs1250\ccs\tools\compiler\ti-cgt-msp430_21.6.1.LTS\lib\</path>
         <kind>archive</kind>
         <file>rts430_eabi.lib</file>
         <name>args_main.c.obj</name>
      </input_file>
      <input_file id="fl-36">
         <path>C:\ti\ccs1250\ccs\tools\compiler\ti-cgt-msp430_21.6.1.LTS\lib\</path>
         <kind>archive</kind>
         <file>rts430_eabi.lib</file>
         <name>memcpy.c.obj</name>
      </input_file>
      <input_file id="fl-37">
         <path>C:\ti\ccs1250\ccs\tools\compiler\ti-cgt-msp430_21.6.1.LTS\lib\</path>
         <kind>archive</kind>
         <file>rts430_eabi.lib</file>
         <name>epilog.asm.obj</name>
      </input_file>
      <input_file id="fl-38">
         <path>C:\ti\ccs1250\ccs\tools\compiler\ti-cgt-msp430_21.6.1.LTS\lib\</path>
         <kind>archive</kind>
         <file>rts430_eabi.lib</file>
         <name>lsl16.asm.obj</name>
      </input_file>
      <input_file id="fl-39">
         <path>C:\ti\ccs1250\ccs\tools\compiler\ti-cgt-msp430_21.6.1.LTS\lib\</path>
         <kind>archive</kind>
         <file>rts430_eabi.lib</file>
         <name>lsr16.asm.obj</name>
      </input_file>
      <input_file id="fl-3a">
         <path>C:\ti\ccs1250\ccs\tools\compiler\ti-cgt-msp430_21.6.1.LTS\lib\</path>
         <kind>archive</kind>
         <file>rts430_eabi.lib</file>
         <name>mult16.asm.obj</name>
      </input_file>
      <input_file id="fl-3b">
         <path>C:\ti\ccs1250\ccs\tools\compiler\ti-cgt-msp430_21.6.1.LTS\lib\</path>
         <kind>archive</kind>
         <file>rts430_eabi.lib</file>
         <name>exit_gvars.c.obj</name>
      </input_file>
   </input_file_list>
   <object_component_list>
      <object_component id="oc-217">
         <name>.common:system_status</name>
         <uninitialized>true</uninitialized>
         <run_address>0x200</run_address>
         <size>0x2</size>
      </object_component>
      <object_component id="oc-b1">
         <name>.stack</name>
         <uninitialized>true</uninitialized>
         <run_address>0x3b0</run_address>
         <size>0x2</size>
         <input_file_ref idref="fl-2a"/>
      </object_component>
      <object_component id="oc-2a6">
         <name>.stack</name>
         <uninitialized>true</uninitialized>
         <run_address>0x3b0</run_address>
         <size>0x0</size>
      </object_component>
      <object_component id="oc-1da">
         <name>.text:system_clock_init</name>
         <load_address>0xc000</load_address>
         <run_address>0xc000</run_address>
         <size>0x88</size>
         <input_file_ref idref="fl-3"/>
      </object_component>
      <object_component id="oc-19b">
         <name>.text:__TI_auto_init_nobinit_nopinit:__TI_auto_init_nobinit_nopinit</name>
         <load_address>0xc088</load_address>
         <run_address>0xc088</run_address>
         <size>0x42</size>
         <input_file_ref idref="fl-2b"/>
      </object_component>
      <object_component id="oc-188">
         <name>.text:uart_init</name>
         <load_address>0xc0ca</load_address>
         <run_address>0xc0ca</run_address>
         <size>0x36</size>
         <input_file_ref idref="fl-4"/>
      </object_component>
      <object_component id="oc-15a">
         <name>.text:main</name>
         <load_address>0xc100</load_address>
         <run_address>0xc100</run_address>
         <size>0x34</size>
         <input_file_ref idref="fl-2"/>
      </object_component>
      <object_component id="oc-105">
         <name>.text:_c_int00_noargs</name>
         <load_address>0xc134</load_address>
         <run_address>0xc134</run_address>
         <size>0x1c</size>
         <input_file_ref idref="fl-2a"/>
      </object_component>
      <object_component id="oc-e7">
         <name>.text:USCI0RX_ISR</name>
         <load_address>0xc150</load_address>
         <run_address>0xc150</run_address>
         <size>0x18</size>
         <input_file_ref idref="fl-4"/>
      </object_component>
      <object_component id="oc-f3">
         <name>.text:decompress:ZI:__TI_zero_init_nomemset:__TI_zero_init_nomemset</name>
         <load_address>0xc168</load_address>
         <run_address>0xc168</run_address>
         <size>0x14</size>
         <input_file_ref idref="fl-2c"/>
      </object_component>
      <object_component id="oc-182">
         <name>.text:system_startup</name>
         <load_address>0xc17c</load_address>
         <run_address>0xc17c</run_address>
         <size>0x12</size>
         <input_file_ref idref="fl-3"/>
      </object_component>
      <object_component id="oc-bf">
         <name>.text</name>
         <load_address>0xc18e</load_address>
         <run_address>0xc18e</run_address>
         <size>0x10</size>
         <input_file_ref idref="fl-37"/>
      </object_component>
      <object_component id="oc-1d4">
         <name>.text:system_gpio_init</name>
         <load_address>0xc19e</load_address>
         <run_address>0xc19e</run_address>
         <size>0xe</size>
         <input_file_ref idref="fl-3"/>
      </object_component>
      <object_component id="oc-ed">
         <name>.text:Timer_A</name>
         <load_address>0xc1ac</load_address>
         <run_address>0xc1ac</run_address>
         <size>0xc</size>
         <input_file_ref idref="fl-2"/>
      </object_component>
      <object_component id="oc-e1">
         <name>.text:USCI0TX_ISR</name>
         <load_address>0xc1b8</load_address>
         <run_address>0xc1b8</run_address>
         <size>0xc</size>
         <input_file_ref idref="fl-4"/>
      </object_component>
      <object_component id="oc-dc">
         <name>.text:_isr:__TI_ISR_TRAP</name>
         <load_address>0xc1c4</load_address>
         <run_address>0xc1c4</run_address>
         <size>0x8</size>
         <input_file_ref idref="fl-29"/>
      </object_component>
      <object_component id="oc-1ce">
         <name>.text:system_wdt_init</name>
         <load_address>0xc1cc</load_address>
         <run_address>0xc1cc</run_address>
         <size>0x8</size>
         <input_file_ref idref="fl-3"/>
      </object_component>
      <object_component id="oc-18f">
         <name>.text:abort</name>
         <load_address>0xc1d4</load_address>
         <run_address>0xc1d4</run_address>
         <size>0x6</size>
         <input_file_ref idref="fl-33"/>
      </object_component>
      <object_component id="oc-154">
         <name>.text:_system_pre_init</name>
         <load_address>0xc1da</load_address>
         <run_address>0xc1da</run_address>
         <size>0x4</size>
         <input_file_ref idref="fl-2f"/>
      </object_component>
      <object_component id="oc-1f4">
         <name>.text:_system_post_cinit</name>
         <load_address>0xc1de</load_address>
         <run_address>0xc1de</run_address>
         <size>0x2</size>
         <input_file_ref idref="fl-30"/>
      </object_component>
      <object_component id="oc-2a5">
         <name>.cinit..bss.load</name>
         <load_address>0xc1e0</load_address>
         <run_address>0xc1e0</run_address>
         <size>0x4</size>
      </object_component>
      <object_component id="oc-2a3">
         <name>__TI_handler_table</name>
         <load_address>0xc1e4</load_address>
         <run_address>0xc1e4</run_address>
         <size>0x2</size>
      </object_component>
      <object_component id="oc-2a4">
         <name>__TI_cinit_table</name>
         <load_address>0xc1e6</load_address>
         <run_address>0xc1e6</run_address>
         <size>0x4</size>
      </object_component>
      <object_component id="oc-265">
         <name>.binit</name>
         <load_address>0xc000</load_address>
         <run_address>0xc000</run_address>
         <size>0x0</size>
      </object_component>
      <object_component id="oc-40">
         <name>.int00</name>
         <load_address>0xffe0</load_address>
         <run_address>0xffe0</run_address>
         <size>0x2</size>
         <input_file_ref idref="fl-1f"/>
      </object_component>
      <object_component id="oc-41">
         <name>.int02</name>
         <load_address>0xffe4</load_address>
         <run_address>0xffe4</run_address>
         <size>0x2</size>
         <input_file_ref idref="fl-20"/>
      </object_component>
      <object_component id="oc-42">
         <name>.int03</name>
         <load_address>0xffe6</load_address>
         <run_address>0xffe6</run_address>
         <size>0x2</size>
         <input_file_ref idref="fl-21"/>
      </object_component>
      <object_component id="oc-43">
         <name>.int05</name>
         <load_address>0xffea</load_address>
         <run_address>0xffea</run_address>
         <size>0x2</size>
         <input_file_ref idref="fl-22"/>
      </object_component>
      <object_component id="oc-44">
         <name>.int06</name>
         <load_address>0xffec</load_address>
         <run_address>0xffec</run_address>
         <size>0x2</size>
         <input_file_ref idref="fl-4"/>
      </object_component>
      <object_component id="oc-45">
         <name>.int07</name>
         <load_address>0xffee</load_address>
         <run_address>0xffee</run_address>
         <size>0x2</size>
         <input_file_ref idref="fl-4"/>
      </object_component>
      <object_component id="oc-46">
         <name>.int08</name>
         <load_address>0xfff0</load_address>
         <run_address>0xfff0</run_address>
         <size>0x2</size>
         <input_file_ref idref="fl-23"/>
      </object_component>
      <object_component id="oc-47">
         <name>.int09</name>
         <load_address>0xfff2</load_address>
         <run_address>0xfff2</run_address>
         <size>0x2</size>
         <input_file_ref idref="fl-2"/>
      </object_component>
      <object_component id="oc-48">
         <name>.int10</name>
         <load_address>0xfff4</load_address>
         <run_address>0xfff4</run_address>
         <size>0x2</size>
         <input_file_ref idref="fl-24"/>
      </object_component>
      <object_component id="oc-49">
         <name>.int11</name>
         <load_address>0xfff6</load_address>
         <run_address>0xfff6</run_address>
         <size>0x2</size>
         <input_file_ref idref="fl-25"/>
      </object_component>
      <object_component id="oc-4a">
         <name>.int12</name>
         <load_address>0xfff8</load_address>
         <run_address>0xfff8</run_address>
         <size>0x2</size>
         <input_file_ref idref="fl-26"/>
      </object_component>
      <object_component id="oc-4b">
         <name>.int13</name>
         <load_address>0xfffa</load_address>
         <run_address>0xfffa</run_address>
         <size>0x2</size>
         <input_file_ref idref="fl-27"/>
      </object_component>
      <object_component id="oc-4c">
         <name>.int14</name>
         <load_address>0xfffc</load_address>
         <run_address>0xfffc</run_address>
         <size>0x2</size>
         <input_file_ref idref="fl-28"/>
      </object_component>
      <object_component id="oc-b4">
         <name>.reset</name>
         <load_address>0xfffe</load_address>
         <run_address>0xfffe</run_address>
         <size>0x2</size>
         <input_file_ref idref="fl-2a"/>
      </object_component>
      <object_component id="oc-218">
         <name>.debug_info</name>
         <load_address>0x0</load_address>
         <run_address>0x0</run_address>
         <size>0x299</size>
         <input_file_ref idref="fl-2"/>
      </object_component>
      <object_component id="oc-15b">
         <name>.debug_info</name>
         <load_address>0x299</load_address>
         <run_address>0x299</run_address>
         <size>0x11d</size>
         <input_file_ref idref="fl-2"/>
      </object_component>
      <object_component id="oc-ee">
         <name>.debug_info</name>
         <load_address>0x3b6</load_address>
         <run_address>0x3b6</run_address>
         <size>0x105</size>
         <input_file_ref idref="fl-2"/>
      </object_component>
      <object_component id="oc-21f">
         <name>.debug_info</name>
         <load_address>0x4bb</load_address>
         <run_address>0x4bb</run_address>
         <size>0x85</size>
         <input_file_ref idref="fl-2"/>
      </object_component>
      <object_component id="oc-ca">
         <name>.debug_info</name>
         <load_address>0x540</load_address>
         <run_address>0x540</run_address>
         <size>0x84</size>
         <input_file_ref idref="fl-2"/>
      </object_component>
      <object_component id="oc-21a">
         <name>.debug_info</name>
         <load_address>0x5c4</load_address>
         <run_address>0x5c4</run_address>
         <size>0x335</size>
         <input_file_ref idref="fl-3"/>
      </object_component>
      <object_component id="oc-1d0">
         <name>.debug_info</name>
         <load_address>0x8f9</load_address>
         <run_address>0x8f9</run_address>
         <size>0x11a</size>
         <input_file_ref idref="fl-3"/>
      </object_component>
      <object_component id="oc-1d6">
         <name>.debug_info</name>
         <load_address>0xa13</load_address>
         <run_address>0xa13</run_address>
         <size>0x11c</size>
         <input_file_ref idref="fl-3"/>
      </object_component>
      <object_component id="oc-1dc">
         <name>.debug_info</name>
         <load_address>0xb2f</load_address>
         <run_address>0xb2f</run_address>
         <size>0x131</size>
         <input_file_ref idref="fl-3"/>
      </object_component>
      <object_component id="oc-186">
         <name>.debug_info</name>
         <load_address>0xc60</load_address>
         <run_address>0xc60</run_address>
         <size>0x15d</size>
         <input_file_ref idref="fl-3"/>
      </object_component>
      <object_component id="oc-21c">
         <name>.debug_info</name>
         <load_address>0xdbd</load_address>
         <run_address>0xdbd</run_address>
         <size>0x2ac</size>
         <input_file_ref idref="fl-4"/>
      </object_component>
      <object_component id="oc-18b">
         <name>.debug_info</name>
         <load_address>0x1069</load_address>
         <run_address>0x1069</run_address>
         <size>0x108</size>
         <input_file_ref idref="fl-4"/>
      </object_component>
      <object_component id="oc-e3">
         <name>.debug_info</name>
         <load_address>0x1171</load_address>
         <run_address>0x1171</run_address>
         <size>0x10d</size>
         <input_file_ref idref="fl-4"/>
      </object_component>
      <object_component id="oc-ea">
         <name>.debug_info</name>
         <load_address>0x127e</load_address>
         <run_address>0x127e</run_address>
         <size>0x10d</size>
         <input_file_ref idref="fl-4"/>
      </object_component>
      <object_component id="oc-df">
         <name>.debug_info</name>
         <load_address>0x138b</load_address>
         <run_address>0x138b</run_address>
         <size>0x10f</size>
         <input_file_ref idref="fl-29"/>
      </object_component>
      <object_component id="oc-b2">
         <name>.debug_info</name>
         <load_address>0x149a</load_address>
         <run_address>0x149a</run_address>
         <size>0x100</size>
         <input_file_ref idref="fl-2a"/>
      </object_component>
      <object_component id="oc-107">
         <name>.debug_info</name>
         <load_address>0x159a</load_address>
         <run_address>0x159a</run_address>
         <size>0x17a</size>
         <input_file_ref idref="fl-2a"/>
      </object_component>
      <object_component id="oc-1fb">
         <name>.debug_info</name>
         <load_address>0x1714</load_address>
         <run_address>0x1714</run_address>
         <size>0x3de</size>
         <input_file_ref idref="fl-2b"/>
      </object_component>
      <object_component id="oc-19c">
         <name>.debug_info</name>
         <load_address>0x1af2</load_address>
         <run_address>0x1af2</run_address>
         <size>0x1e0</size>
         <input_file_ref idref="fl-2b"/>
      </object_component>
      <object_component id="oc-23b">
         <name>.debug_info</name>
         <load_address>0x1cd2</load_address>
         <run_address>0x1cd2</run_address>
         <size>0x39</size>
         <input_file_ref idref="fl-2b"/>
      </object_component>
      <object_component id="oc-24c">
         <name>.debug_info</name>
         <load_address>0x1d0b</load_address>
         <run_address>0x1d0b</run_address>
         <size>0x2c</size>
         <input_file_ref idref="fl-2b"/>
      </object_component>
      <object_component id="oc-206">
         <name>.debug_info</name>
         <load_address>0x1d37</load_address>
         <run_address>0x1d37</run_address>
         <size>0x2c</size>
         <input_file_ref idref="fl-2b"/>
      </object_component>
      <object_component id="oc-240">
         <name>.debug_info</name>
         <load_address>0x1d63</load_address>
         <run_address>0x1d63</run_address>
         <size>0xcd</size>
         <input_file_ref idref="fl-2b"/>
      </object_component>
      <object_component id="oc-152">
         <name>.debug_info</name>
         <load_address>0x1e30</load_address>
         <run_address>0x1e30</run_address>
         <size>0x175</size>
         <input_file_ref idref="fl-2c"/>
      </object_component>
      <object_component id="oc-f6">
         <name>.debug_info</name>
         <load_address>0x1fa5</load_address>
         <run_address>0x1fa5</run_address>
         <size>0x1d2</size>
         <input_file_ref idref="fl-2c"/>
      </object_component>
      <object_component id="oc-14d">
         <name>.debug_info</name>
         <load_address>0x2177</load_address>
         <run_address>0x2177</run_address>
         <size>0x46</size>
         <input_file_ref idref="fl-2c"/>
      </object_component>
      <object_component id="oc-13c">
         <name>.debug_info</name>
         <load_address>0x21bd</load_address>
         <run_address>0x21bd</run_address>
         <size>0x2c</size>
         <input_file_ref idref="fl-2c"/>
      </object_component>
      <object_component id="oc-157">
         <name>.debug_info</name>
         <load_address>0x21e9</load_address>
         <run_address>0x21e9</run_address>
         <size>0x153</size>
         <input_file_ref idref="fl-2f"/>
      </object_component>
      <object_component id="oc-1f8">
         <name>.debug_info</name>
         <load_address>0x233c</load_address>
         <run_address>0x233c</run_address>
         <size>0x150</size>
         <input_file_ref idref="fl-30"/>
      </object_component>
      <object_component id="oc-191">
         <name>.debug_info</name>
         <load_address>0x248c</load_address>
         <run_address>0x248c</run_address>
         <size>0x122</size>
         <input_file_ref idref="fl-33"/>
      </object_component>
      <object_component id="oc-c2">
         <name>.debug_info</name>
         <load_address>0x25ae</load_address>
         <run_address>0x25ae</run_address>
         <size>0x12e</size>
         <input_file_ref idref="fl-37"/>
      </object_component>
      <object_component id="oc-2a7">
         <name>.debug_info</name>
         <load_address>0x26dc</load_address>
         <run_address>0x26dc</run_address>
         <size>0xab</size>
      </object_component>
      <object_component id="oc-252">
         <name>.debug_line</name>
         <load_address>0x0</load_address>
         <run_address>0x0</run_address>
         <size>0xdf</size>
         <input_file_ref idref="fl-2"/>
      </object_component>
      <object_component id="oc-15f">
         <name>.debug_line</name>
         <load_address>0xdf</load_address>
         <run_address>0xdf</run_address>
         <size>0x4f</size>
         <input_file_ref idref="fl-2"/>
      </object_component>
      <object_component id="oc-f1">
         <name>.debug_line</name>
         <load_address>0x12e</load_address>
         <run_address>0x12e</run_address>
         <size>0x41</size>
         <input_file_ref idref="fl-2"/>
      </object_component>
      <object_component id="oc-222">
         <name>.debug_line</name>
         <load_address>0x16f</load_address>
         <run_address>0x16f</run_address>
         <size>0x63</size>
         <input_file_ref idref="fl-2"/>
      </object_component>
      <object_component id="oc-cd">
         <name>.debug_line</name>
         <load_address>0x1d2</load_address>
         <run_address>0x1d2</run_address>
         <size>0x20</size>
         <input_file_ref idref="fl-2"/>
      </object_component>
      <object_component id="oc-254">
         <name>.debug_line</name>
         <load_address>0x1f2</load_address>
         <run_address>0x1f2</run_address>
         <size>0x9e</size>
         <input_file_ref idref="fl-3"/>
      </object_component>
      <object_component id="oc-1cf">
         <name>.debug_line</name>
         <load_address>0x290</load_address>
         <run_address>0x290</run_address>
         <size>0x42</size>
         <input_file_ref idref="fl-3"/>
      </object_component>
      <object_component id="oc-1d5">
         <name>.debug_line</name>
         <load_address>0x2d2</load_address>
         <run_address>0x2d2</run_address>
         <size>0x43</size>
         <input_file_ref idref="fl-3"/>
      </object_component>
      <object_component id="oc-1de">
         <name>.debug_line</name>
         <load_address>0x315</load_address>
         <run_address>0x315</run_address>
         <size>0x69</size>
         <input_file_ref idref="fl-3"/>
      </object_component>
      <object_component id="oc-185">
         <name>.debug_line</name>
         <load_address>0x37e</load_address>
         <run_address>0x37e</run_address>
         <size>0x46</size>
         <input_file_ref idref="fl-3"/>
      </object_component>
      <object_component id="oc-256">
         <name>.debug_line</name>
         <load_address>0x3c4</load_address>
         <run_address>0x3c4</run_address>
         <size>0x9e</size>
         <input_file_ref idref="fl-4"/>
      </object_component>
      <object_component id="oc-189">
         <name>.debug_line</name>
         <load_address>0x462</load_address>
         <run_address>0x462</run_address>
         <size>0x49</size>
         <input_file_ref idref="fl-4"/>
      </object_component>
      <object_component id="oc-e2">
         <name>.debug_line</name>
         <load_address>0x4ab</load_address>
         <run_address>0x4ab</run_address>
         <size>0x41</size>
         <input_file_ref idref="fl-4"/>
      </object_component>
      <object_component id="oc-e8">
         <name>.debug_line</name>
         <load_address>0x4ec</load_address>
         <run_address>0x4ec</run_address>
         <size>0x45</size>
         <input_file_ref idref="fl-4"/>
      </object_component>
      <object_component id="oc-dd">
         <name>.debug_line</name>
         <load_address>0x531</load_address>
         <run_address>0x531</run_address>
         <size>0x3d</size>
         <input_file_ref idref="fl-29"/>
      </object_component>
      <object_component id="oc-130">
         <name>.debug_line</name>
         <load_address>0x56e</load_address>
         <run_address>0x56e</run_address>
         <size>0x2a</size>
         <input_file_ref idref="fl-2a"/>
      </object_component>
      <object_component id="oc-106">
         <name>.debug_line</name>
         <load_address>0x598</load_address>
         <run_address>0x598</run_address>
         <size>0x46</size>
         <input_file_ref idref="fl-2a"/>
      </object_component>
      <object_component id="oc-23a">
         <name>.debug_line</name>
         <load_address>0x5de</load_address>
         <run_address>0x5de</run_address>
         <size>0xbf</size>
         <input_file_ref idref="fl-2b"/>
      </object_component>
      <object_component id="oc-1a0">
         <name>.debug_line</name>
         <load_address>0x69d</load_address>
         <run_address>0x69d</run_address>
         <size>0x76</size>
         <input_file_ref idref="fl-2b"/>
      </object_component>
      <object_component id="oc-23e">
         <name>.debug_line</name>
         <load_address>0x713</load_address>
         <run_address>0x713</run_address>
         <size>0x2e</size>
         <input_file_ref idref="fl-2b"/>
      </object_component>
      <object_component id="oc-24f">
         <name>.debug_line</name>
         <load_address>0x741</load_address>
         <run_address>0x741</run_address>
         <size>0x9a</size>
         <input_file_ref idref="fl-2b"/>
      </object_component>
      <object_component id="oc-209">
         <name>.debug_line</name>
         <load_address>0x7db</load_address>
         <run_address>0x7db</run_address>
         <size>0x97</size>
         <input_file_ref idref="fl-2b"/>
      </object_component>
      <object_component id="oc-243">
         <name>.debug_line</name>
         <load_address>0x872</load_address>
         <run_address>0x872</run_address>
         <size>0x93</size>
         <input_file_ref idref="fl-2b"/>
      </object_component>
      <object_component id="oc-180">
         <name>.debug_line</name>
         <load_address>0x905</load_address>
         <run_address>0x905</run_address>
         <size>0x20</size>
         <input_file_ref idref="fl-2c"/>
      </object_component>
      <object_component id="oc-f8">
         <name>.debug_line</name>
         <load_address>0x925</load_address>
         <run_address>0x925</run_address>
         <size>0x4a</size>
         <input_file_ref idref="fl-2c"/>
      </object_component>
      <object_component id="oc-150">
         <name>.debug_line</name>
         <load_address>0x96f</load_address>
         <run_address>0x96f</run_address>
         <size>0x34</size>
         <input_file_ref idref="fl-2c"/>
      </object_component>
      <object_component id="oc-13f">
         <name>.debug_line</name>
         <load_address>0x9a3</load_address>
         <run_address>0x9a3</run_address>
         <size>0x92</size>
         <input_file_ref idref="fl-2c"/>
      </object_component>
      <object_component id="oc-155">
         <name>.debug_line</name>
         <load_address>0xa35</load_address>
         <run_address>0xa35</run_address>
         <size>0x3e</size>
         <input_file_ref idref="fl-2f"/>
      </object_component>
      <object_component id="oc-1f5">
         <name>.debug_line</name>
         <load_address>0xa73</load_address>
         <run_address>0xa73</run_address>
         <size>0x3a</size>
         <input_file_ref idref="fl-30"/>
      </object_component>
      <object_component id="oc-190">
         <name>.debug_line</name>
         <load_address>0xaad</load_address>
         <run_address>0xaad</run_address>
         <size>0x3d</size>
         <input_file_ref idref="fl-33"/>
      </object_component>
      <object_component id="oc-c1">
         <name>.debug_line</name>
         <load_address>0xaea</load_address>
         <run_address>0xaea</run_address>
         <size>0x40</size>
         <input_file_ref idref="fl-37"/>
      </object_component>
      <object_component id="oc-15e">
         <name>.debug_frame</name>
         <load_address>0x0</load_address>
         <run_address>0x0</run_address>
         <size>0x3c</size>
         <input_file_ref idref="fl-2"/>
      </object_component>
      <object_component id="oc-f2">
         <name>.debug_frame</name>
         <load_address>0x3c</load_address>
         <run_address>0x3c</run_address>
         <size>0x3c</size>
         <input_file_ref idref="fl-2"/>
      </object_component>
      <object_component id="oc-1d3">
         <name>.debug_frame</name>
         <load_address>0x78</load_address>
         <run_address>0x78</run_address>
         <size>0x3c</size>
         <input_file_ref idref="fl-3"/>
      </object_component>
      <object_component id="oc-1d9">
         <name>.debug_frame</name>
         <load_address>0xb4</load_address>
         <run_address>0xb4</run_address>
         <size>0x3c</size>
         <input_file_ref idref="fl-3"/>
      </object_component>
      <object_component id="oc-1df">
         <name>.debug_frame</name>
         <load_address>0xf0</load_address>
         <run_address>0xf0</run_address>
         <size>0x40</size>
         <input_file_ref idref="fl-3"/>
      </object_component>
      <object_component id="oc-184">
         <name>.debug_frame</name>
         <load_address>0x130</load_address>
         <run_address>0x130</run_address>
         <size>0x3c</size>
         <input_file_ref idref="fl-3"/>
      </object_component>
      <object_component id="oc-18a">
         <name>.debug_frame</name>
         <load_address>0x16c</load_address>
         <run_address>0x16c</run_address>
         <size>0x3c</size>
         <input_file_ref idref="fl-4"/>
      </object_component>
      <object_component id="oc-e6">
         <name>.debug_frame</name>
         <load_address>0x1a8</load_address>
         <run_address>0x1a8</run_address>
         <size>0x3c</size>
         <input_file_ref idref="fl-4"/>
      </object_component>
      <object_component id="oc-e9">
         <name>.debug_frame</name>
         <load_address>0x1e4</load_address>
         <run_address>0x1e4</run_address>
         <size>0x3c</size>
         <input_file_ref idref="fl-4"/>
      </object_component>
      <object_component id="oc-10a">
         <name>.debug_frame</name>
         <load_address>0x220</load_address>
         <run_address>0x220</run_address>
         <size>0x34</size>
         <input_file_ref idref="fl-2a"/>
      </object_component>
      <object_component id="oc-19f">
         <name>.debug_frame</name>
         <load_address>0x254</load_address>
         <run_address>0x254</run_address>
         <size>0x44</size>
         <input_file_ref idref="fl-2b"/>
      </object_component>
      <object_component id="oc-f4">
         <name>.debug_frame</name>
         <load_address>0x298</load_address>
         <run_address>0x298</run_address>
         <size>0x3c</size>
         <input_file_ref idref="fl-2c"/>
      </object_component>
      <object_component id="oc-156">
         <name>.debug_frame</name>
         <load_address>0x2d4</load_address>
         <run_address>0x2d4</run_address>
         <size>0x3c</size>
         <input_file_ref idref="fl-2f"/>
      </object_component>
      <object_component id="oc-1f7">
         <name>.debug_frame</name>
         <load_address>0x310</load_address>
         <run_address>0x310</run_address>
         <size>0x3c</size>
         <input_file_ref idref="fl-30"/>
      </object_component>
      <object_component id="oc-194">
         <name>.debug_frame</name>
         <load_address>0x34c</load_address>
         <run_address>0x34c</run_address>
         <size>0x3c</size>
         <input_file_ref idref="fl-33"/>
      </object_component>
      <object_component id="oc-251">
         <name>.debug_abbrev</name>
         <load_address>0x0</load_address>
         <run_address>0x0</run_address>
         <size>0xa2</size>
         <input_file_ref idref="fl-2"/>
      </object_component>
      <object_component id="oc-18e">
         <name>.debug_abbrev</name>
         <load_address>0xa2</load_address>
         <run_address>0xa2</run_address>
         <size>0x52</size>
         <input_file_ref idref="fl-2"/>
      </object_component>
      <object_component id="oc-14b">
         <name>.debug_abbrev</name>
         <load_address>0xf4</load_address>
         <run_address>0xf4</run_address>
         <size>0x53</size>
         <input_file_ref idref="fl-2"/>
      </object_component>
      <object_component id="oc-221">
         <name>.debug_abbrev</name>
         <load_address>0x147</load_address>
         <run_address>0x147</run_address>
         <size>0x67</size>
         <input_file_ref idref="fl-2"/>
      </object_component>
      <object_component id="oc-cc">
         <name>.debug_abbrev</name>
         <load_address>0x1ae</load_address>
         <run_address>0x1ae</run_address>
         <size>0x1f</size>
         <input_file_ref idref="fl-2"/>
      </object_component>
      <object_component id="oc-253">
         <name>.debug_abbrev</name>
         <load_address>0x1cd</load_address>
         <run_address>0x1cd</run_address>
         <size>0x51</size>
         <input_file_ref idref="fl-3"/>
      </object_component>
      <object_component id="oc-215">
         <name>.debug_abbrev</name>
         <load_address>0x21e</load_address>
         <run_address>0x21e</run_address>
         <size>0x50</size>
         <input_file_ref idref="fl-3"/>
      </object_component>
      <object_component id="oc-216">
         <name>.debug_abbrev</name>
         <load_address>0x26e</load_address>
         <run_address>0x26e</run_address>
         <size>0x50</size>
         <input_file_ref idref="fl-3"/>
      </object_component>
      <object_component id="oc-21e">
         <name>.debug_abbrev</name>
         <load_address>0x2be</load_address>
         <run_address>0x2be</run_address>
         <size>0x5e</size>
         <input_file_ref idref="fl-3"/>
      </object_component>
      <object_component id="oc-1e0">
         <name>.debug_abbrev</name>
         <load_address>0x31c</load_address>
         <run_address>0x31c</run_address>
         <size>0x5e</size>
         <input_file_ref idref="fl-3"/>
      </object_component>
      <object_component id="oc-255">
         <name>.debug_abbrev</name>
         <load_address>0x37a</load_address>
         <run_address>0x37a</run_address>
         <size>0x67</size>
         <input_file_ref idref="fl-4"/>
      </object_component>
      <object_component id="oc-1e1">
         <name>.debug_abbrev</name>
         <load_address>0x3e1</load_address>
         <run_address>0x3e1</run_address>
         <size>0x50</size>
         <input_file_ref idref="fl-4"/>
      </object_component>
      <object_component id="oc-149">
         <name>.debug_abbrev</name>
         <load_address>0x431</load_address>
         <run_address>0x431</run_address>
         <size>0x53</size>
         <input_file_ref idref="fl-4"/>
      </object_component>
      <object_component id="oc-14a">
         <name>.debug_abbrev</name>
         <load_address>0x484</load_address>
         <run_address>0x484</run_address>
         <size>0x53</size>
         <input_file_ref idref="fl-4"/>
      </object_component>
      <object_component id="oc-148">
         <name>.debug_abbrev</name>
         <load_address>0x4d7</load_address>
         <run_address>0x4d7</run_address>
         <size>0x28</size>
         <input_file_ref idref="fl-29"/>
      </object_component>
      <object_component id="oc-12f">
         <name>.debug_abbrev</name>
         <load_address>0x4ff</load_address>
         <run_address>0x4ff</run_address>
         <size>0x29</size>
         <input_file_ref idref="fl-2a"/>
      </object_component>
      <object_component id="oc-163">
         <name>.debug_abbrev</name>
         <load_address>0x528</load_address>
         <run_address>0x528</run_address>
         <size>0x58</size>
         <input_file_ref idref="fl-2a"/>
      </object_component>
      <object_component id="oc-239">
         <name>.debug_abbrev</name>
         <load_address>0x580</load_address>
         <run_address>0x580</run_address>
         <size>0xc0</size>
         <input_file_ref idref="fl-2b"/>
      </object_component>
      <object_component id="oc-1fa">
         <name>.debug_abbrev</name>
         <load_address>0x640</load_address>
         <run_address>0x640</run_address>
         <size>0x7e</size>
         <input_file_ref idref="fl-2b"/>
      </object_component>
      <object_component id="oc-23d">
         <name>.debug_abbrev</name>
         <load_address>0x6be</load_address>
         <run_address>0x6be</run_address>
         <size>0x24</size>
         <input_file_ref idref="fl-2b"/>
      </object_component>
      <object_component id="oc-24e">
         <name>.debug_abbrev</name>
         <load_address>0x6e2</load_address>
         <run_address>0x6e2</run_address>
         <size>0x24</size>
         <input_file_ref idref="fl-2b"/>
      </object_component>
      <object_component id="oc-208">
         <name>.debug_abbrev</name>
         <load_address>0x706</load_address>
         <run_address>0x706</run_address>
         <size>0x24</size>
         <input_file_ref idref="fl-2b"/>
      </object_component>
      <object_component id="oc-242">
         <name>.debug_abbrev</name>
         <load_address>0x72a</load_address>
         <run_address>0x72a</run_address>
         <size>0x4b</size>
         <input_file_ref idref="fl-2b"/>
      </object_component>
      <object_component id="oc-17f">
         <name>.debug_abbrev</name>
         <load_address>0x775</load_address>
         <run_address>0x775</run_address>
         <size>0x37</size>
         <input_file_ref idref="fl-2c"/>
      </object_component>
      <object_component id="oc-14c">
         <name>.debug_abbrev</name>
         <load_address>0x7ac</load_address>
         <run_address>0x7ac</run_address>
         <size>0x6f</size>
         <input_file_ref idref="fl-2c"/>
      </object_component>
      <object_component id="oc-14f">
         <name>.debug_abbrev</name>
         <load_address>0x81b</load_address>
         <run_address>0x81b</run_address>
         <size>0x24</size>
         <input_file_ref idref="fl-2c"/>
      </object_component>
      <object_component id="oc-13e">
         <name>.debug_abbrev</name>
         <load_address>0x83f</load_address>
         <run_address>0x83f</run_address>
         <size>0x24</size>
         <input_file_ref idref="fl-2c"/>
      </object_component>
      <object_component id="oc-181">
         <name>.debug_abbrev</name>
         <load_address>0x863</load_address>
         <run_address>0x863</run_address>
         <size>0x55</size>
         <input_file_ref idref="fl-2f"/>
      </object_component>
      <object_component id="oc-238">
         <name>.debug_abbrev</name>
         <load_address>0x8b8</load_address>
         <run_address>0x8b8</run_address>
         <size>0x53</size>
         <input_file_ref idref="fl-30"/>
      </object_component>
      <object_component id="oc-1e2">
         <name>.debug_abbrev</name>
         <load_address>0x90b</load_address>
         <run_address>0x90b</run_address>
         <size>0x45</size>
         <input_file_ref idref="fl-33"/>
      </object_component>
      <object_component id="oc-133">
         <name>.debug_abbrev</name>
         <load_address>0x950</load_address>
         <run_address>0x950</run_address>
         <size>0x3a</size>
         <input_file_ref idref="fl-37"/>
      </object_component>
      <object_component id="oc-2a8">
         <name>.debug_abbrev</name>
         <load_address>0x98a</load_address>
         <run_address>0x98a</run_address>
         <size>0xf</size>
      </object_component>
      <object_component id="oc-223">
         <name>.debug_str</name>
         <load_address>0x0</load_address>
         <run_address>0x0</run_address>
         <size>0x14e</size>
         <input_file_ref idref="fl-2"/>
      </object_component>
      <object_component id="oc-ce">
         <name>.debug_str</name>
         <load_address>0x14e</load_address>
         <run_address>0x14e</run_address>
         <size>0xfd</size>
         <input_file_ref idref="fl-2"/>
      </object_component>
      <object_component id="oc-23f">
         <name>.debug_str</name>
         <load_address>0x24b</load_address>
         <run_address>0x24b</run_address>
         <size>0xed</size>
         <input_file_ref idref="fl-2b"/>
      </object_component>
      <object_component id="oc-250">
         <name>.debug_str</name>
         <load_address>0x338</load_address>
         <run_address>0x338</run_address>
         <size>0x14c</size>
         <input_file_ref idref="fl-2b"/>
      </object_component>
      <object_component id="oc-20a">
         <name>.debug_str</name>
         <load_address>0x484</load_address>
         <run_address>0x484</run_address>
         <size>0x147</size>
         <input_file_ref idref="fl-2b"/>
      </object_component>
      <object_component id="oc-244">
         <name>.debug_str</name>
         <load_address>0x5cb</load_address>
         <run_address>0x5cb</run_address>
         <size>0x197</size>
         <input_file_ref idref="fl-2b"/>
      </object_component>
      <object_component id="oc-151">
         <name>.debug_str</name>
         <load_address>0x762</load_address>
         <run_address>0x762</run_address>
         <size>0x105</size>
         <input_file_ref idref="fl-2c"/>
      </object_component>
      <object_component id="oc-140">
         <name>.debug_str</name>
         <load_address>0x867</load_address>
         <run_address>0x867</run_address>
         <size>0x140</size>
         <input_file_ref idref="fl-2c"/>
      </object_component>
      <object_component id="oc-15d">
         <name>.debug_aranges</name>
         <load_address>0x0</load_address>
         <run_address>0x0</run_address>
         <size>0x20</size>
         <input_file_ref idref="fl-2"/>
      </object_component>
      <object_component id="oc-f0">
         <name>.debug_aranges</name>
         <load_address>0x20</load_address>
         <run_address>0x20</run_address>
         <size>0x20</size>
         <input_file_ref idref="fl-2"/>
      </object_component>
      <object_component id="oc-1d1">
         <name>.debug_aranges</name>
         <load_address>0x40</load_address>
         <run_address>0x40</run_address>
         <size>0x20</size>
         <input_file_ref idref="fl-3"/>
      </object_component>
      <object_component id="oc-1d7">
         <name>.debug_aranges</name>
         <load_address>0x60</load_address>
         <run_address>0x60</run_address>
         <size>0x20</size>
         <input_file_ref idref="fl-3"/>
      </object_component>
      <object_component id="oc-1db">
         <name>.debug_aranges</name>
         <load_address>0x80</load_address>
         <run_address>0x80</run_address>
         <size>0x20</size>
         <input_file_ref idref="fl-3"/>
      </object_component>
      <object_component id="oc-183">
         <name>.debug_aranges</name>
         <load_address>0xa0</load_address>
         <run_address>0xa0</run_address>
         <size>0x20</size>
         <input_file_ref idref="fl-3"/>
      </object_component>
      <object_component id="oc-18d">
         <name>.debug_aranges</name>
         <load_address>0xc0</load_address>
         <run_address>0xc0</run_address>
         <size>0x20</size>
         <input_file_ref idref="fl-4"/>
      </object_component>
      <object_component id="oc-e4">
         <name>.debug_aranges</name>
         <load_address>0xe0</load_address>
         <run_address>0xe0</run_address>
         <size>0x20</size>
         <input_file_ref idref="fl-4"/>
      </object_component>
      <object_component id="oc-ec">
         <name>.debug_aranges</name>
         <load_address>0x100</load_address>
         <run_address>0x100</run_address>
         <size>0x20</size>
         <input_file_ref idref="fl-4"/>
      </object_component>
      <object_component id="oc-de">
         <name>.debug_aranges</name>
         <load_address>0x120</load_address>
         <run_address>0x120</run_address>
         <size>0x20</size>
         <input_file_ref idref="fl-29"/>
      </object_component>
      <object_component id="oc-108">
         <name>.debug_aranges</name>
         <load_address>0x140</load_address>
         <run_address>0x140</run_address>
         <size>0x20</size>
         <input_file_ref idref="fl-2a"/>
      </object_component>
      <object_component id="oc-19d">
         <name>.debug_aranges</name>
         <load_address>0x160</load_address>
         <run_address>0x160</run_address>
         <size>0x20</size>
         <input_file_ref idref="fl-2b"/>
      </object_component>
      <object_component id="oc-f5">
         <name>.debug_aranges</name>
         <load_address>0x180</load_address>
         <run_address>0x180</run_address>
         <size>0x20</size>
         <input_file_ref idref="fl-2c"/>
      </object_component>
      <object_component id="oc-158">
         <name>.debug_aranges</name>
         <load_address>0x1a0</load_address>
         <run_address>0x1a0</run_address>
         <size>0x20</size>
         <input_file_ref idref="fl-2f"/>
      </object_component>
      <object_component id="oc-1f6">
         <name>.debug_aranges</name>
         <load_address>0x1c0</load_address>
         <run_address>0x1c0</run_address>
         <size>0x20</size>
         <input_file_ref idref="fl-30"/>
      </object_component>
      <object_component id="oc-192">
         <name>.debug_aranges</name>
         <load_address>0x1e0</load_address>
         <run_address>0x1e0</run_address>
         <size>0x20</size>
         <input_file_ref idref="fl-33"/>
      </object_component>
      <object_component id="oc-c0">
         <name>.debug_aranges</name>
         <load_address>0x200</load_address>
         <run_address>0x200</run_address>
         <size>0x20</size>
         <input_file_ref idref="fl-37"/>
      </object_component>
      <object_component id="oc-219">
         <name>.debug_pubnames</name>
         <load_address>0x0</load_address>
         <run_address>0x0</run_address>
         <size>0x24</size>
         <input_file_ref idref="fl-2"/>
      </object_component>
      <object_component id="oc-15c">
         <name>.debug_pubnames</name>
         <load_address>0x24</load_address>
         <run_address>0x24</run_address>
         <size>0x1b</size>
         <input_file_ref idref="fl-2"/>
      </object_component>
      <object_component id="oc-ef">
         <name>.debug_pubnames</name>
         <load_address>0x3f</load_address>
         <run_address>0x3f</run_address>
         <size>0x1e</size>
         <input_file_ref idref="fl-2"/>
      </object_component>
      <object_component id="oc-21b">
         <name>.debug_pubnames</name>
         <load_address>0x5d</load_address>
         <run_address>0x5d</run_address>
         <size>0x24</size>
         <input_file_ref idref="fl-3"/>
      </object_component>
      <object_component id="oc-1d2">
         <name>.debug_pubnames</name>
         <load_address>0x81</load_address>
         <run_address>0x81</run_address>
         <size>0x26</size>
         <input_file_ref idref="fl-3"/>
      </object_component>
      <object_component id="oc-1d8">
         <name>.debug_pubnames</name>
         <load_address>0xa7</load_address>
         <run_address>0xa7</run_address>
         <size>0x27</size>
         <input_file_ref idref="fl-3"/>
      </object_component>
      <object_component id="oc-1dd">
         <name>.debug_pubnames</name>
         <load_address>0xce</load_address>
         <run_address>0xce</run_address>
         <size>0x28</size>
         <input_file_ref idref="fl-3"/>
      </object_component>
      <object_component id="oc-187">
         <name>.debug_pubnames</name>
         <load_address>0xf6</load_address>
         <run_address>0xf6</run_address>
         <size>0x25</size>
         <input_file_ref idref="fl-3"/>
      </object_component>
      <object_component id="oc-21d">
         <name>.debug_pubnames</name>
         <load_address>0x11b</load_address>
         <run_address>0x11b</run_address>
         <size>0x24</size>
         <input_file_ref idref="fl-4"/>
      </object_component>
      <object_component id="oc-18c">
         <name>.debug_pubnames</name>
         <load_address>0x13f</load_address>
         <run_address>0x13f</run_address>
         <size>0x20</size>
         <input_file_ref idref="fl-4"/>
      </object_component>
      <object_component id="oc-e5">
         <name>.debug_pubnames</name>
         <load_address>0x15f</load_address>
         <run_address>0x15f</run_address>
         <size>0x22</size>
         <input_file_ref idref="fl-4"/>
      </object_component>
      <object_component id="oc-eb">
         <name>.debug_pubnames</name>
         <load_address>0x181</load_address>
         <run_address>0x181</run_address>
         <size>0x22</size>
         <input_file_ref idref="fl-4"/>
      </object_component>
      <object_component id="oc-e0">
         <name>.debug_pubnames</name>
         <load_address>0x1a3</load_address>
         <run_address>0x1a3</run_address>
         <size>0x2b</size>
         <input_file_ref idref="fl-29"/>
      </object_component>
      <object_component id="oc-b3">
         <name>.debug_pubnames</name>
         <load_address>0x1ce</load_address>
         <run_address>0x1ce</run_address>
         <size>0x1d</size>
         <input_file_ref idref="fl-2a"/>
      </object_component>
      <object_component id="oc-109">
         <name>.debug_pubnames</name>
         <load_address>0x1eb</load_address>
         <run_address>0x1eb</run_address>
         <size>0x26</size>
         <input_file_ref idref="fl-2a"/>
      </object_component>
      <object_component id="oc-19e">
         <name>.debug_pubnames</name>
         <load_address>0x211</load_address>
         <run_address>0x211</run_address>
         <size>0x35</size>
         <input_file_ref idref="fl-2b"/>
      </object_component>
      <object_component id="oc-f7">
         <name>.debug_pubnames</name>
         <load_address>0x246</load_address>
         <run_address>0x246</run_address>
         <size>0x2e</size>
         <input_file_ref idref="fl-2c"/>
      </object_component>
      <object_component id="oc-159">
         <name>.debug_pubnames</name>
         <load_address>0x274</load_address>
         <run_address>0x274</run_address>
         <size>0x27</size>
         <input_file_ref idref="fl-2f"/>
      </object_component>
      <object_component id="oc-1f9">
         <name>.debug_pubnames</name>
         <load_address>0x29b</load_address>
         <run_address>0x29b</run_address>
         <size>0x29</size>
         <input_file_ref idref="fl-30"/>
      </object_component>
      <object_component id="oc-193">
         <name>.debug_pubnames</name>
         <load_address>0x2c4</load_address>
         <run_address>0x2c4</run_address>
         <size>0x1c</size>
         <input_file_ref idref="fl-33"/>
      </object_component>
      <object_component id="oc-c3">
         <name>.debug_pubnames</name>
         <load_address>0x2e0</load_address>
         <run_address>0x2e0</run_address>
         <size>0x2b</size>
         <input_file_ref idref="fl-37"/>
      </object_component>
      <object_component id="oc-220">
         <name>.debug_pubtypes</name>
         <load_address>0x0</load_address>
         <run_address>0x0</run_address>
         <size>0x39</size>
         <input_file_ref idref="fl-2"/>
      </object_component>
      <object_component id="oc-cb">
         <name>.debug_pubtypes</name>
         <load_address>0x39</load_address>
         <run_address>0x39</run_address>
         <size>0xed</size>
         <input_file_ref idref="fl-2"/>
      </object_component>
      <object_component id="oc-23c">
         <name>.debug_pubtypes</name>
         <load_address>0x126</load_address>
         <run_address>0x126</run_address>
         <size>0x32</size>
         <input_file_ref idref="fl-2b"/>
      </object_component>
      <object_component id="oc-24d">
         <name>.debug_pubtypes</name>
         <load_address>0x158</load_address>
         <run_address>0x158</run_address>
         <size>0x21</size>
         <input_file_ref idref="fl-2b"/>
      </object_component>
      <object_component id="oc-207">
         <name>.debug_pubtypes</name>
         <load_address>0x179</load_address>
         <run_address>0x179</run_address>
         <size>0x1f</size>
         <input_file_ref idref="fl-2b"/>
      </object_component>
      <object_component id="oc-241">
         <name>.debug_pubtypes</name>
         <load_address>0x198</load_address>
         <run_address>0x198</run_address>
         <size>0x50</size>
         <input_file_ref idref="fl-2b"/>
      </object_component>
      <object_component id="oc-14e">
         <name>.debug_pubtypes</name>
         <load_address>0x1e8</load_address>
         <run_address>0x1e8</run_address>
         <size>0x48</size>
         <input_file_ref idref="fl-2c"/>
      </object_component>
      <object_component id="oc-13d">
         <name>.debug_pubtypes</name>
         <load_address>0x230</load_address>
         <run_address>0x230</run_address>
         <size>0x1d</size>
         <input_file_ref idref="fl-2c"/>
      </object_component>
   </object_component_list>
   <logical_group_list>
      <logical_group id="lg-2" display="no" color="cyan">
         <name>.bss</name>
         <run_address>0x200</run_address>
         <size>0x2</size>
         <contents>
            <object_component_ref idref="oc-217"/>
         </contents>
      </logical_group>
      <logical_group id="lg-3" display="no" color="cyan">
         <name>.data</name>
         <run_address>0x0</run_address>
         <size>0x0</size>
         <contents>
         </contents>
      </logical_group>
      <logical_group id="lg-4" display="no" color="cyan">
         <name>.TI.noinit</name>
         <run_address>0x0</run_address>
         <size>0x0</size>
         <contents>
         </contents>
      </logical_group>
      <logical_group id="lg-5" display="no" color="cyan">
         <name>.sysmem</name>
         <run_address>0x0</run_address>
         <size>0x0</size>
         <contents>
         </contents>
      </logical_group>
      <logical_group id="lg-6" display="no" color="cyan">
         <name>.stack</name>
         <run_address>0x3b0</run_address>
         <size>0x50</size>
         <contents>
            <object_component_ref idref="oc-b1"/>
            <object_component_ref idref="oc-2a6"/>
         </contents>
      </logical_group>
      <logical_group id="lg-7" display="no" color="cyan">
         <name>.text</name>
         <load_address>0xc000</load_address>
         <run_address>0xc000</run_address>
         <size>0x1e0</size>
         <contents>
            <object_component_ref idref="oc-1da"/>
            <object_component_ref idref="oc-19b"/>
            <object_component_ref idref="oc-188"/>
            <object_component_ref idref="oc-15a"/>
            <object_component_ref idref="oc-105"/>
            <object_component_ref idref="oc-e7"/>
            <object_component_ref idref="oc-f3"/>
            <object_component_ref idref="oc-182"/>
            <object_component_ref idref="oc-bf"/>
            <object_component_ref idref="oc-1d4"/>
            <object_component_ref idref="oc-ed"/>
            <object_component_ref idref="oc-e1"/>
            <object_component_ref idref="oc-dc"/>
            <object_component_ref idref="oc-1ce"/>
            <object_component_ref idref="oc-18f"/>
            <object_component_ref idref="oc-154"/>
            <object_component_ref idref="oc-1f4"/>
         </contents>
      </logical_group>
      <logical_group id="lg-8" display="no" color="cyan">
         <name>.cinit</name>
         <load_address>0xc1e0</load_address>
         <run_address>0xc1e0</run_address>
         <size>0xa</size>
         <contents>
            <object_component_ref idref="oc-2a5"/>
            <object_component_ref idref="oc-2a3"/>
            <object_component_ref idref="oc-2a4"/>
         </contents>
      </logical_group>
      <logical_group id="lg-9" display="no" color="cyan">
         <name>.const</name>
         <run_address>0x0</run_address>
         <size>0x0</size>
         <contents>
         </contents>
      </logical_group>
      <logical_group id="lg-a" display="no" color="cyan">
         <name>.bslsignature</name>
         <run_address>0x0</run_address>
         <size>0x0</size>
         <contents>
         </contents>
      </logical_group>
      <logical_group id="lg-b" display="no" color="cyan">
         <name>.cio</name>
         <run_address>0x0</run_address>
         <size>0x0</size>
         <contents>
         </contents>
      </logical_group>
      <logical_group id="lg-c" display="no" color="cyan">
         <name>.pinit</name>
         <run_address>0x0</run_address>
         <size>0x0</size>
         <contents>
         </contents>
      </logical_group>
      <logical_group id="lg-d" display="no" color="cyan">
         <name>.binit</name>
         <load_address>0xc000</load_address>
         <run_address>0xc000</run_address>
         <size>0x0</size>
         <contents>
            <object_component_ref idref="oc-265"/>
         </contents>
      </logical_group>
      <logical_group id="lg-e" display="no" color="cyan">
         <name>.init_array</name>
         <run_address>0x0</run_address>
         <size>0x0</size>
         <contents>
         </contents>
      </logical_group>
      <logical_group id="lg-f" display="no" color="cyan">
         <name>.mspabi.exidx</name>
         <run_address>0x0</run_address>
         <size>0x0</size>
         <contents>
         </contents>
      </logical_group>
      <logical_group id="lg-10" display="no" color="cyan">
         <name>.mspabi.extab</name>
         <run_address>0x0</run_address>
         <size>0x0</size>
         <contents>
         </contents>
      </logical_group>
      <logical_group id="lg-11" display="no" color="cyan">
         <name>.TI.ramfunc</name>
         <run_address>0x0</run_address>
         <size>0x0</size>
         <contents>
         </contents>
      </logical_group>
      <logical_group id="lg-12" display="no" color="cyan">
         <name>.infoA</name>
         <run_address>0x0</run_address>
         <size>0x0</size>
         <contents>
         </contents>
      </logical_group>
      <logical_group id="lg-13" display="no" color="cyan">
         <name>.infoB</name>
         <run_address>0x0</run_address>
         <size>0x0</size>
         <contents>
         </contents>
      </logical_group>
      <logical_group id="lg-14" display="no" color="cyan">
         <name>.infoC</name>
         <run_address>0x0</run_address>
         <size>0x0</size>
         <contents>
         </contents>
      </logical_group>
      <logical_group id="lg-15" display="no" color="cyan">
         <name>.infoD</name>
         <run_address>0x0</run_address>
         <size>0x0</size>
         <contents>
         </contents>
      </logical_group>
      <logical_group id="lg-16" display="no" color="cyan">
         <name>TRAPINT</name>
         <load_address>0xffe0</load_address>
         <run_address>0xffe0</run_address>
         <size>0x2</size>
         <contents>
            <object_component_ref idref="oc-40"/>
         </contents>
      </logical_group>
      <logical_group id="lg-18" display="no" color="cyan">
         <name>.int01</name>
         <run_address>0x0</run_address>
         <size>0x0</size>
         <contents>
         </contents>
      </logical_group>
      <logical_group id="lg-19" display="no" color="cyan">
         <name>PORT1</name>
         <load_address>0xffe4</load_address>
         <run_address>0xffe4</run_address>
         <size>0x2</size>
         <contents>
            <object_component_ref idref="oc-41"/>
         </contents>
      </logical_group>
      <logical_group id="lg-1b" display="no" color="cyan">
         <name>PORT2</name>
         <load_address>0xffe6</load_address>
         <run_address>0xffe6</run_address>
         <size>0x2</size>
         <contents>
            <object_component_ref idref="oc-42"/>
         </contents>
      </logical_group>
      <logical_group id="lg-1d" display="no" color="cyan">
         <name>.int04</name>
         <run_address>0x0</run_address>
         <size>0x0</size>
         <contents>
         </contents>
      </logical_group>
      <logical_group id="lg-1e" display="no" color="cyan">
         <name>ADC10</name>
         <load_address>0xffea</load_address>
         <run_address>0xffea</run_address>
         <size>0x2</size>
         <contents>
            <object_component_ref idref="oc-43"/>
         </contents>
      </logical_group>
      <logical_group id="lg-20" display="no" color="cyan">
         <name>USCIAB0TX</name>
         <load_address>0xffec</load_address>
         <run_address>0xffec</run_address>
         <size>0x2</size>
         <contents>
            <object_component_ref idref="oc-44"/>
         </contents>
      </logical_group>
      <logical_group id="lg-22" display="no" color="cyan">
         <name>USCIAB0RX</name>
         <load_address>0xffee</load_address>
         <run_address>0xffee</run_address>
         <size>0x2</size>
         <contents>
            <object_component_ref idref="oc-45"/>
         </contents>
      </logical_group>
      <logical_group id="lg-24" display="no" color="cyan">
         <name>TIMER0_A1</name>
         <load_address>0xfff0</load_address>
         <run_address>0xfff0</run_address>
         <size>0x2</size>
         <contents>
            <object_component_ref idref="oc-46"/>
         </contents>
      </logical_group>
      <logical_group id="lg-26" display="no" color="cyan">
         <name>TIMER0_A0</name>
         <load_address>0xfff2</load_address>
         <run_address>0xfff2</run_address>
         <size>0x2</size>
         <contents>
            <object_component_ref idref="oc-47"/>
         </contents>
      </logical_group>
      <logical_group id="lg-28" display="no" color="cyan">
         <name>WDT</name>
         <load_address>0xfff4</load_address>
         <run_address>0xfff4</run_address>
         <size>0x2</size>
         <contents>
            <object_component_ref idref="oc-48"/>
         </contents>
      </logical_group>
      <logical_group id="lg-2a" display="no" color="cyan">
         <name>COMPARATORA</name>
         <load_address>0xfff6</load_address>
         <run_address>0xfff6</run_address>
         <size>0x2</size>
         <contents>
            <object_component_ref idref="oc-49"/>
         </contents>
      </logical_group>
      <logical_group id="lg-2c" display="no" color="cyan">
         <name>TIMER1_A1</name>
         <load_address>0xfff8</load_address>
         <run_address>0xfff8</run_address>
         <size>0x2</size>
         <contents>
            <object_component_ref idref="oc-4a"/>
         </contents>
      </logical_group>
      <logical_group id="lg-2e" display="no" color="cyan">
         <name>TIMER1_A0</name>
         <load_address>0xfffa</load_address>
         <run_address>0xfffa</run_address>
         <size>0x2</size>
         <contents>
            <object_component_ref idref="oc-4b"/>
         </contents>
      </logical_group>
      <logical_group id="lg-30" display="no" color="cyan">
         <name>NMI</name>
         <load_address>0xfffc</load_address>
         <run_address>0xfffc</run_address>
         <size>0x2</size>
         <contents>
            <object_component_ref idref="oc-4c"/>
         </contents>
      </logical_group>
      <logical_group id="lg-32" display="no" color="cyan">
         <name>.reset</name>
         <load_address>0xfffe</load_address>
         <run_address>0xfffe</run_address>
         <size>0x2</size>
         <contents>
            <object_component_ref idref="oc-b4"/>
         </contents>
      </logical_group>
      <logical_group id="lg-264" display="no" color="cyan">
         <name>.TI.persistent</name>
         <run_address>0x0</run_address>
         <size>0x0</size>
         <contents>
         </contents>
      </logical_group>
      <logical_group id="lg-28b" display="never" color="cyan">
         <name>.debug_info</name>
         <load_address>0x0</load_address>
         <run_address>0x0</run_address>
         <size>0x2787</size>
         <contents>
            <object_component_ref idref="oc-218"/>
            <object_component_ref idref="oc-15b"/>
            <object_component_ref idref="oc-ee"/>
            <object_component_ref idref="oc-21f"/>
            <object_component_ref idref="oc-ca"/>
            <object_component_ref idref="oc-21a"/>
            <object_component_ref idref="oc-1d0"/>
            <object_component_ref idref="oc-1d6"/>
            <object_component_ref idref="oc-1dc"/>
            <object_component_ref idref="oc-186"/>
            <object_component_ref idref="oc-21c"/>
            <object_component_ref idref="oc-18b"/>
            <object_component_ref idref="oc-e3"/>
            <object_component_ref idref="oc-ea"/>
            <object_component_ref idref="oc-df"/>
            <object_component_ref idref="oc-b2"/>
            <object_component_ref idref="oc-107"/>
            <object_component_ref idref="oc-1fb"/>
            <object_component_ref idref="oc-19c"/>
            <object_component_ref idref="oc-23b"/>
            <object_component_ref idref="oc-24c"/>
            <object_component_ref idref="oc-206"/>
            <object_component_ref idref="oc-240"/>
            <object_component_ref idref="oc-152"/>
            <object_component_ref idref="oc-f6"/>
            <object_component_ref idref="oc-14d"/>
            <object_component_ref idref="oc-13c"/>
            <object_component_ref idref="oc-157"/>
            <object_component_ref idref="oc-1f8"/>
            <object_component_ref idref="oc-191"/>
            <object_component_ref idref="oc-c2"/>
            <object_component_ref idref="oc-2a7"/>
         </contents>
      </logical_group>
      <logical_group id="lg-28d" display="never" color="cyan">
         <name>.debug_line</name>
         <load_address>0x0</load_address>
         <run_address>0x0</run_address>
         <size>0xb2a</size>
         <contents>
            <object_component_ref idref="oc-252"/>
            <object_component_ref idref="oc-15f"/>
            <object_component_ref idref="oc-f1"/>
            <object_component_ref idref="oc-222"/>
            <object_component_ref idref="oc-cd"/>
            <object_component_ref idref="oc-254"/>
            <object_component_ref idref="oc-1cf"/>
            <object_component_ref idref="oc-1d5"/>
            <object_component_ref idref="oc-1de"/>
            <object_component_ref idref="oc-185"/>
            <object_component_ref idref="oc-256"/>
            <object_component_ref idref="oc-189"/>
            <object_component_ref idref="oc-e2"/>
            <object_component_ref idref="oc-e8"/>
            <object_component_ref idref="oc-dd"/>
            <object_component_ref idref="oc-130"/>
            <object_component_ref idref="oc-106"/>
            <object_component_ref idref="oc-23a"/>
            <object_component_ref idref="oc-1a0"/>
            <object_component_ref idref="oc-23e"/>
            <object_component_ref idref="oc-24f"/>
            <object_component_ref idref="oc-209"/>
            <object_component_ref idref="oc-243"/>
            <object_component_ref idref="oc-180"/>
            <object_component_ref idref="oc-f8"/>
            <object_component_ref idref="oc-150"/>
            <object_component_ref idref="oc-13f"/>
            <object_component_ref idref="oc-155"/>
            <object_component_ref idref="oc-1f5"/>
            <object_component_ref idref="oc-190"/>
            <object_component_ref idref="oc-c1"/>
         </contents>
      </logical_group>
      <logical_group id="lg-28f" display="never" color="cyan">
         <name>.debug_frame</name>
         <load_address>0x0</load_address>
         <run_address>0x0</run_address>
         <size>0x388</size>
         <contents>
            <object_component_ref idref="oc-15e"/>
            <object_component_ref idref="oc-f2"/>
            <object_component_ref idref="oc-1d3"/>
            <object_component_ref idref="oc-1d9"/>
            <object_component_ref idref="oc-1df"/>
            <object_component_ref idref="oc-184"/>
            <object_component_ref idref="oc-18a"/>
            <object_component_ref idref="oc-e6"/>
            <object_component_ref idref="oc-e9"/>
            <object_component_ref idref="oc-10a"/>
            <object_component_ref idref="oc-19f"/>
            <object_component_ref idref="oc-f4"/>
            <object_component_ref idref="oc-156"/>
            <object_component_ref idref="oc-1f7"/>
            <object_component_ref idref="oc-194"/>
         </contents>
      </logical_group>
      <logical_group id="lg-291" display="never" color="cyan">
         <name>.debug_abbrev</name>
         <load_address>0x0</load_address>
         <run_address>0x0</run_address>
         <size>0x999</size>
         <contents>
            <object_component_ref idref="oc-251"/>
            <object_component_ref idref="oc-18e"/>
            <object_component_ref idref="oc-14b"/>
            <object_component_ref idref="oc-221"/>
            <object_component_ref idref="oc-cc"/>
            <object_component_ref idref="oc-253"/>
            <object_component_ref idref="oc-215"/>
            <object_component_ref idref="oc-216"/>
            <object_component_ref idref="oc-21e"/>
            <object_component_ref idref="oc-1e0"/>
            <object_component_ref idref="oc-255"/>
            <object_component_ref idref="oc-1e1"/>
            <object_component_ref idref="oc-149"/>
            <object_component_ref idref="oc-14a"/>
            <object_component_ref idref="oc-148"/>
            <object_component_ref idref="oc-12f"/>
            <object_component_ref idref="oc-163"/>
            <object_component_ref idref="oc-239"/>
            <object_component_ref idref="oc-1fa"/>
            <object_component_ref idref="oc-23d"/>
            <object_component_ref idref="oc-24e"/>
            <object_component_ref idref="oc-208"/>
            <object_component_ref idref="oc-242"/>
            <object_component_ref idref="oc-17f"/>
            <object_component_ref idref="oc-14c"/>
            <object_component_ref idref="oc-14f"/>
            <object_component_ref idref="oc-13e"/>
            <object_component_ref idref="oc-181"/>
            <object_component_ref idref="oc-238"/>
            <object_component_ref idref="oc-1e2"/>
            <object_component_ref idref="oc-133"/>
            <object_component_ref idref="oc-2a8"/>
         </contents>
      </logical_group>
      <logical_group id="lg-293" display="never" color="cyan">
         <name>.debug_str</name>
         <load_address>0x0</load_address>
         <run_address>0x0</run_address>
         <size>0x9a7</size>
         <contents>
            <object_component_ref idref="oc-223"/>
            <object_component_ref idref="oc-ce"/>
            <object_component_ref idref="oc-23f"/>
            <object_component_ref idref="oc-250"/>
            <object_component_ref idref="oc-20a"/>
            <object_component_ref idref="oc-244"/>
            <object_component_ref idref="oc-151"/>
            <object_component_ref idref="oc-140"/>
         </contents>
      </logical_group>
      <logical_group id="lg-295" display="never" color="cyan">
         <name>.debug_aranges</name>
         <load_address>0x0</load_address>
         <run_address>0x0</run_address>
         <size>0x220</size>
         <contents>
            <object_component_ref idref="oc-15d"/>
            <object_component_ref idref="oc-f0"/>
            <object_component_ref idref="oc-1d1"/>
            <object_component_ref idref="oc-1d7"/>
            <object_component_ref idref="oc-1db"/>
            <object_component_ref idref="oc-183"/>
            <object_component_ref idref="oc-18d"/>
            <object_component_ref idref="oc-e4"/>
            <object_component_ref idref="oc-ec"/>
            <object_component_ref idref="oc-de"/>
            <object_component_ref idref="oc-108"/>
            <object_component_ref idref="oc-19d"/>
            <object_component_ref idref="oc-f5"/>
            <object_component_ref idref="oc-158"/>
            <object_component_ref idref="oc-1f6"/>
            <object_component_ref idref="oc-192"/>
            <object_component_ref idref="oc-c0"/>
         </contents>
      </logical_group>
      <logical_group id="lg-297" display="never" color="cyan">
         <name>.debug_pubnames</name>
         <load_address>0x0</load_address>
         <run_address>0x0</run_address>
         <size>0x30b</size>
         <contents>
            <object_component_ref idref="oc-219"/>
            <object_component_ref idref="oc-15c"/>
            <object_component_ref idref="oc-ef"/>
            <object_component_ref idref="oc-21b"/>
            <object_component_ref idref="oc-1d2"/>
            <object_component_ref idref="oc-1d8"/>
            <object_component_ref idref="oc-1dd"/>
            <object_component_ref idref="oc-187"/>
            <object_component_ref idref="oc-21d"/>
            <object_component_ref idref="oc-18c"/>
            <object_component_ref idref="oc-e5"/>
            <object_component_ref idref="oc-eb"/>
            <object_component_ref idref="oc-e0"/>
            <object_component_ref idref="oc-b3"/>
            <object_component_ref idref="oc-109"/>
            <object_component_ref idref="oc-19e"/>
            <object_component_ref idref="oc-f7"/>
            <object_component_ref idref="oc-159"/>
            <object_component_ref idref="oc-1f9"/>
            <object_component_ref idref="oc-193"/>
            <object_component_ref idref="oc-c3"/>
         </contents>
      </logical_group>
      <logical_group id="lg-299" display="never" color="cyan">
         <name>.debug_pubtypes</name>
         <load_address>0x0</load_address>
         <run_address>0x0</run_address>
         <size>0x24d</size>
         <contents>
            <object_component_ref idref="oc-220"/>
            <object_component_ref idref="oc-cb"/>
            <object_component_ref idref="oc-23c"/>
            <object_component_ref idref="oc-24d"/>
            <object_component_ref idref="oc-207"/>
[...]
               <size>0x2</size>
               <logical_group_ref idref="lg-2c"/>
            </allocated_space>
         </usage_details>
      </memory_area>
      <memory_area display="no" color="green">
         <name>INT13</name>
         <page_id>0x0</page_id>
         <origin>0xfffa</origin>
         <length>0x2</length>
         <used_space>0x2</used_space>
         <unused_space>0x0</unused_space>
         <attributes>RWIX</attributes>
         <usage_details>
            <allocated_space>
               <start_address>0xfffa</start_address>
               <size>0x2</size>
               <logical_group_ref idref="lg-2e"/>
            </allocated_space>
         </usage_details>
      </memory_area>
      <memory_area display="no" color="green">
         <name>INT14</name>
         <page_id>0x0</page_id>
         <origin>0xfffc</origin>
         <length>0x2</length>
         <used_space>0x2</used_space>
         <unused_space>0x0</unused_space>
         <attributes>RWIX</attributes>
         <usage_details>
            <allocated_space>
               <start_address>0xfffc</start_address>
               <size>0x2</size>
               <logical_group_ref idref="lg-30"/>
            </allocated_space>
         </usage_details>
      </memory_area>
      <memory_area display="no" color="green">
         <name>RESET</name>
         <page_id>0x0</page_id>
         <origin>0xfffe</origin>
         <length>0x2</length>
         <used_space>0x2</used_space>
         <unused_space>0x0</unused_space>
         <attributes>RWIX</attributes>
         <usage_details>
            <allocated_space>
               <start_address>0xfffe</start_address>
               <size>0x2</size>
               <logical_group_ref idref="lg-32"/>
            </allocated_space>
         </usage_details>
      </memory_area>
   </placement_map>
   <cptbl_list>
      <cptbl>
         <name>__TI_cinit_table</name>
         <cprec>
            <name>.bss</name>
            <load_address>0xc1e0</load_address>
            <load_size>0x4</load_size>
            <run_address>0x200</run_address>
            <run_size>0x2</run_size>
            <compression>zero_init</compression>
         </cprec>
      </cptbl>
   </cptbl_list>
   <handler_table>
      <handler_table_name>__TI_handler_table</handler_table_name>
      <handler>
         <index>0x0</index>
         <name>__TI_zero_init</name>
      </handler>
   </handler_table>
   <symbol_table>
      <symbol id="sm-1">
         <name>IE1</name>
         <value>0x0</value>
      </symbol>
      <symbol id="sm-2">
         <name>IFG1</name>
         <value>0x2</value>
      </symbol>
      <symbol id="sm-3">
         <name>IE2</name>
         <value>0x1</value>
      </symbol>
      <symbol id="sm-4">
         <name>IFG2</name>
         <value>0x3</value>
      </symbol>
      <symbol id="sm-5">
         <name>ADC10DTC0</name>
         <value>0x48</value>
      </symbol>
      <symbol id="sm-6">
         <name>ADC10DTC1</name>
         <value>0x49</value>
      </symbol>
      <symbol id="sm-7">
         <name>ADC10AE0</name>
         <value>0x4a</value>
      </symbol>
      <symbol id="sm-8">
         <name>ADC10CTL0</name>
         <value>0x1b0</value>
      </symbol>
      <symbol id="sm-9">
         <name>ADC10CTL1</name>
         <value>0x1b2</value>
      </symbol>
      <symbol id="sm-a">
         <name>ADC10MEM</name>
         <value>0x1b4</value>
      </symbol>
      <symbol id="sm-b">
         <name>ADC10SA</name>
         <value>0x1bc</value>
      </symbol>
      <symbol id="sm-c">
         <name>DCOCTL</name>
         <value>0x56</value>
      </symbol>
      <symbol id="sm-d">
         <name>BCSCTL1</name>
         <value>0x57</value>
      </symbol>
      <symbol id="sm-e">
         <name>BCSCTL2</name>
         <value>0x58</value>
      </symbol>
      <symbol id="sm-f">
         <name>BCSCTL3</name>
         <value>0x53</value>
      </symbol>
      <symbol id="sm-10">
         <name>CACTL1</name>
         <value>0x59</value>
      </symbol>
      <symbol id="sm-11">
         <name>CACTL2</name>
         <value>0x5a</value>
      </symbol>
      <symbol id="sm-12">
         <name>CAPD</name>
         <value>0x5b</value>
      </symbol>
      <symbol id="sm-13">
         <name>FCTL1</name>
         <value>0x128</value>
      </symbol>
      <symbol id="sm-14">
         <name>FCTL2</name>
         <value>0x12a</value>
      </symbol>
      <symbol id="sm-15">
         <name>FCTL3</name>
         <value>0x12c</value>
      </symbol>
      <symbol id="sm-16">
         <name>P1IN</name>
         <value>0x20</value>
      </symbol>
      <symbol id="sm-17">
         <name>P1OUT</name>
         <value>0x21</value>
      </symbol>
      <symbol id="sm-18">
         <name>P1DIR</name>
         <value>0x22</value>
      </symbol>
      <symbol id="sm-19">
         <name>P1IFG</name>
         <value>0x23</value>
      </symbol>
      <symbol id="sm-1a">
         <name>P1IES</name>
         <value>0x24</value>
      </symbol>
      <symbol id="sm-1b">
         <name>P1IE</name>
         <value>0x25</value>
      </symbol>
      <symbol id="sm-1c">
         <name>P1SEL</name>
         <value>0x26</value>
      </symbol>
      <symbol id="sm-1d">
         <name>P1SEL2</name>
         <value>0x41</value>
      </symbol>
      <symbol id="sm-1e">
         <name>P1REN</name>
         <value>0x27</value>
      </symbol>
      <symbol id="sm-1f">
         <name>P2IN</name>
         <value>0x28</value>
      </symbol>
      <symbol id="sm-20">
         <name>P2OUT</name>
         <value>0x29</value>
      </symbol>
      <symbol id="sm-21">
         <name>P2DIR</name>
         <value>0x2a</value>
      </symbol>
      <symbol id="sm-22">
         <name>P2IFG</name>
         <value>0x2b</value>
      </symbol>
      <symbol id="sm-23">
         <name>P2IES</name>
         <value>0x2c</value>
      </symbol>
      <symbol id="sm-24">
         <name>P2IE</name>
         <value>0x2d</value>
      </symbol>
      <symbol id="sm-25">
         <name>P2SEL</name>
         <value>0x2e</value>
      </symbol>
      <symbol id="sm-26">
         <name>P2SEL2</name>
         <value>0x42</value>
      </symbol>
      <symbol id="sm-27">
         <name>P2REN</name>
         <value>0x2f</value>
      </symbol>
      <symbol id="sm-28">
         <name>P3IN</name>
         <value>0x18</value>
      </symbol>
      <symbol id="sm-29">
         <name>P3OUT</name>
         <value>0x19</value>
      </symbol>
      <symbol id="sm-2a">
         <name>P3DIR</name>
         <value>0x1a</value>
      </symbol>
      <symbol id="sm-2b">
         <name>P3SEL</name>
         <value>0x1b</value>
      </symbol>
      <symbol id="sm-2c">
         <name>P3SEL2</name>
         <value>0x43</value>
      </symbol>
      <symbol id="sm-2d">
         <name>P3REN</name>
         <value>0x10</value>
      </symbol>
      <symbol id="sm-2e">
         <name>TA0IV</name>
         <value>0x12e</value>
      </symbol>
      <symbol id="sm-2f">
         <name>TA0CTL</name>
         <value>0x160</value>
      </symbol>
      <symbol id="sm-30">
         <name>TA0CCTL0</name>
         <value>0x162</value>
      </symbol>
      <symbol id="sm-31">
         <name>TA0CCTL1</name>
         <value>0x164</value>
      </symbol>
      <symbol id="sm-32">
         <name>TA0CCTL2</name>
         <value>0x166</value>
      </symbol>
      <symbol id="sm-33">
         <name>TA0R</name>
         <value>0x170</value>
      </symbol>
      <symbol id="sm-34">
         <name>TA0CCR0</name>
         <value>0x172</value>
      </symbol>
      <symbol id="sm-35">
         <name>TA0CCR1</name>
         <value>0x174</value>
      </symbol>
      <symbol id="sm-36">
         <name>TA0CCR2</name>
         <value>0x176</value>
      </symbol>
      <symbol id="sm-37">
         <name>TA1IV</name>
         <value>0x11e</value>
      </symbol>
      <symbol id="sm-38">
         <name>TA1CTL</name>
         <value>0x180</value>
      </symbol>
      <symbol id="sm-39">
         <name>TA1CCTL0</name>
         <value>0x182</value>
      </symbol>
      <symbol id="sm-3a">
         <name>TA1CCTL1</name>
         <value>0x184</value>
      </symbol>
      <symbol id="sm-3b">
         <name>TA1CCTL2</name>
         <value>0x186</value>
      </symbol>
      <symbol id="sm-3c">
         <name>TA1R</name>
         <value>0x190</value>
      </symbol>
      <symbol id="sm-3d">
         <name>TA1CCR0</name>
         <value>0x192</value>
      </symbol>
      <symbol id="sm-3e">
         <name>TA1CCR1</name>
         <value>0x194</value>
      </symbol>
      <symbol id="sm-3f">
         <name>TA1CCR2</name>
         <value>0x196</value>
      </symbol>
      <symbol id="sm-40">
         <name>UCA0CTL0</name>
         <value>0x60</value>
      </symbol>
      <symbol id="sm-41">
         <name>UCA0CTL1</name>
         <value>0x61</value>
      </symbol>
      <symbol id="sm-42">
         <name>UCA0BR0</name>
         <value>0x62</value>
      </symbol>
      <symbol id="sm-43">
         <name>UCA0BR1</name>
         <value>0x63</value>
      </symbol>
      <symbol id="sm-44">
         <name>UCA0MCTL</name>
         <value>0x64</value>
      </symbol>
      <symbol id="sm-45">
         <name>UCA0STAT</name>
         <value>0x65</value>
      </symbol>
      <symbol id="sm-46">
         <name>UCA0RXBUF</name>
         <value>0x66</value>
      </symbol>
      <symbol id="sm-47">
         <name>UCA0TXBUF</name>
         <value>0x67</value>
      </symbol>
      <symbol id="sm-48">
         <name>UCA0ABCTL</name>
         <value>0x5d</value>
      </symbol>
      <symbol id="sm-49">
         <name>UCA0IRTCTL</name>
         <value>0x5e</value>
      </symbol>
      <symbol id="sm-4a">
         <name>UCA0IRRCTL</name>
         <value>0x5f</value>
      </symbol>
      <symbol id="sm-4b">
         <name>UCB0CTL0</name>
         <value>0x68</value>
      </symbol>
      <symbol id="sm-4c">
         <name>UCB0CTL1</name>
         <value>0x69</value>
      </symbol>
      <symbol id="sm-4d">
         <name>UCB0BR0</name>
         <value>0x6a</value>
      </symbol>
      <symbol id="sm-4e">
         <name>UCB0BR1</name>
         <value>0x6b</value>
      </symbol>
      <symbol id="sm-4f">
         <name>UCB0I2CIE</name>
         <value>0x6c</value>
      </symbol>
      <symbol id="sm-50">
         <name>UCB0STAT</name>
         <value>0x6d</value>
      </symbol>
      <symbol id="sm-51">
         <name>UCB0RXBUF</name>
         <value>0x6e</value>
      </symbol>
      <symbol id="sm-52">
         <name>UCB0TXBUF</name>
         <value>0x6f</value>
      </symbol>
      <symbol id="sm-53">
         <name>UCB0I2COA</name>
         <value>0x118</value>
      </symbol>
      <symbol id="sm-54">
         <name>UCB0I2CSA</name>
         <value>0x11a</value>
      </symbol>
      <symbol id="sm-55">
         <name>WDTCTL</name>
         <value>0x120</value>
      </symbol>
      <symbol id="sm-56">
         <name>CALDCO_16MHZ</name>
         <value>0x10f8</value>
      </symbol>
      <symbol id="sm-57">
         <name>CALBC1_16MHZ</name>
         <value>0x10f9</value>
      </symbol>
      <symbol id="sm-58">
         <name>CALDCO_12MHZ</name>
         <value>0x10fa</value>
      </symbol>
      <symbol id="sm-59">
         <name>CALBC1_12MHZ</name>
         <value>0x10fb</value>
      </symbol>
      <symbol id="sm-5a">
         <name>CALDCO_8MHZ</name>
         <value>0x10fc</value>
      </symbol>
      <symbol id="sm-5b">
         <name>CALBC1_8MHZ</name>
         <value>0x10fd</value>
      </symbol>
      <symbol id="sm-5c">
         <name>CALDCO_1MHZ</name>
         <value>0x10fe</value>
      </symbol>
      <symbol id="sm-5d">
         <name>CALBC1_1MHZ</name>
         <value>0x10ff</value>
      </symbol>
      <symbol id="sm-5e">
         <name>TLV_CHECKSUM</name>
         <value>0x10c0</value>
      </symbol>
      <symbol id="sm-5f">
         <name>TLV_DCO_30_TAG</name>
         <value>0x10f6</value>
      </symbol>
      <symbol id="sm-60">
         <name>TLV_DCO_30_LEN</name>
         <value>0x10f7</value>
      </symbol>
      <symbol id="sm-61">
         <name>TLV_ADC10_1_TAG</name>
         <value>0x10da</value>
      </symbol>
      <symbol id="sm-62">
         <name>TLV_ADC10_1_LEN</name>
         <value>0x10db</value>
      </symbol>
      <symbol id="sm-63">
         <name>__TI_CINIT_Base</name>
         <value>0xc1e6</value>
      </symbol>
      <symbol id="sm-64">
         <name>__TI_CINIT_Limit</name>
         <value>0xc1ea</value>
      </symbol>
      <symbol id="sm-65">
         <name>__TI_CINIT_Warm</name>
         <value>0xc1ea</value>
      </symbol>
      <symbol id="sm-66">
         <name>__TI_Handler_Table_Base</name>
         <value>0xc1e4</value>
      </symbol>
      <symbol id="sm-67">
         <name>__TI_Handler_Table_Limit</name>
         <value>0xc1e6</value>
      </symbol>
      <symbol id="sm-68">
         <name>__STACK_SIZE</name>
         <value>0x50</value>
      </symbol>
      <symbol id="sm-69">
         <name>__STACK_END</name>
         <value>0x400</value>
      </symbol>
      <symbol id="sm-6a">
         <name>__c_args__</name>
         <value>0xffffffff</value>
      </symbol>
      <symbol id="sm-6b">
         <name>__TI_pprof_out_hndl</name>
         <value>0xffffffff</value>
      </symbol>
      <symbol id="sm-6c">
         <name>__TI_prof_data_start</name>
         <value>0xffffffff</value>
      </symbol>
      <symbol id="sm-6d">
         <name>__TI_prof_data_size</name>
         <value>0xffffffff</value>
      </symbol>
      <symbol id="sm-bb">
         <name>system_status</name>
         <value>0x200</value>
      </symbol>
      <symbol id="sm-bc">
         <name>__TI_int09</name>
         <value>0xfff2</value>
         <object_component_ref idref="oc-47"/>
      </symbol>
      <symbol id="sm-bd">
         <name>main</name>
         <value>0xc100</value>
         <object_component_ref idref="oc-15a"/>
      </symbol>
      <symbol id="sm-be">
         <name>Timer_A</name>
         <value>0xc1ac</value>
         <object_component_ref idref="oc-ed"/>
      </symbol>
      <symbol id="sm-e5">
         <name>system_gpio_init</name>
         <value>0xc19e</value>
         <object_component_ref idref="oc-1d4"/>
      </symbol>
      <symbol id="sm-e6">
         <name>system_wdt_init</name>
         <value>0xc1cc</value>
         <object_component_ref idref="oc-1ce"/>
      </symbol>
      <symbol id="sm-e7">
         <name>system_startup</name>
         <value>0xc17c</value>
         <object_component_ref idref="oc-182"/>
      </symbol>
      <symbol id="sm-e8">
         <name>system_clock_init</name>
         <value>0xc000</value>
         <object_component_ref idref="oc-1da"/>
      </symbol>
      <symbol id="sm-106">
         <name>USCI0RX_ISR</name>
         <value>0xc150</value>
         <object_component_ref idref="oc-e7"/>
      </symbol>
      <symbol id="sm-107">
         <name>USCI0TX_ISR</name>
         <value>0xc1b8</value>
         <object_component_ref idref="oc-e1"/>
      </symbol>
      <symbol id="sm-108">
         <name>__TI_int06</name>
         <value>0xffec</value>
         <object_component_ref idref="oc-44"/>
      </symbol>
      <symbol id="sm-109">
         <name>__TI_int07</name>
         <value>0xffee</value>
         <object_component_ref idref="oc-45"/>
      </symbol>
      <symbol id="sm-10a">
         <name>uart_init</name>
         <value>0xc0ca</value>
         <object_component_ref idref="oc-188"/>
      </symbol>
      <symbol id="sm-10d">
         <name>__TI_int00</name>
         <value>0xffe0</value>
         <object_component_ref idref="oc-40"/>
      </symbol>
      <symbol id="sm-110">
         <name>__TI_int02</name>
         <value>0xffe4</value>
         <object_component_ref idref="oc-41"/>
      </symbol>
      <symbol id="sm-113">
         <name>__TI_int03</name>
         <value>0xffe6</value>
         <object_component_ref idref="oc-42"/>
      </symbol>
      <symbol id="sm-116">
         <name>__TI_int05</name>
         <value>0xffea</value>
         <object_component_ref idref="oc-43"/>
      </symbol>
      <symbol id="sm-119">
         <name>__TI_int08</name>
         <value>0xfff0</value>
         <object_component_ref idref="oc-46"/>
      </symbol>
      <symbol id="sm-11c">
         <name>__TI_int10</name>
         <value>0xfff4</value>
         <object_component_ref idref="oc-48"/>
      </symbol>
      <symbol id="sm-11f">
         <name>__TI_int11</name>
         <value>0xfff6</value>
         <object_component_ref idref="oc-49"/>
      </symbol>
      <symbol id="sm-122">
         <name>__TI_int12</name>
         <value>0xfff8</value>
         <object_component_ref idref="oc-4a"/>
      </symbol>
      <symbol id="sm-125">
         <name>__TI_int13</name>
         <value>0xfffa</value>
         <object_component_ref idref="oc-4b"/>
      </symbol>
      <symbol id="sm-128">
         <name>__TI_int14</name>
         <value>0xfffc</value>
         <object_component_ref idref="oc-4c"/>
      </symbol>
      <symbol id="sm-130">
         <name>__TI_ISR_TRAP</name>
         <value>0xc1c4</value>
         <object_component_ref idref="oc-dc"/>
      </symbol>
      <symbol id="sm-140">
         <name>_stack</name>
         <value>0x3b0</value>
         <object_component_ref idref="oc-b1"/>
      </symbol>
      <symbol id="sm-141">
         <name>_c_int00_noargs</name>
         <value>0xc134</value>
         <object_component_ref idref="oc-105"/>
      </symbol>
      <symbol id="sm-142">
         <name>_reset_vector</name>
         <value>0xfffe</value>
         <object_component_ref idref="oc-b4"/>
      </symbol>
      <symbol id="sm-164">
         <name>__TI_auto_init_nobinit_nopinit</name>
         <value>0xc088</value>
         <object_component_ref idref="oc-19b"/>
      </symbol>
      <symbol id="sm-17c">
         <name>__TI_zero_init_nomemset</name>
         <value>0xc168</value>
         <object_component_ref idref="oc-f3"/>
      </symbol>
      <symbol id="sm-187">
         <name>_system_pre_init</name>
         <value>0xc1da</value>
         <object_component_ref idref="oc-154"/>
      </symbol>
      <symbol id="sm-190">
         <name>_system_post_cinit</name>
         <value>0xc1de</value>
         <object_component_ref idref="oc-1f4"/>
      </symbol>
      <symbol id="sm-19c">
         <name>C$$EXIT</name>
         <value>0xc1d4</value>
         <object_component_ref idref="oc-18f"/>
      </symbol>
      <symbol id="sm-19d">
         <name>abort</name>
         <value>0xc1d4</value>
         <object_component_ref idref="oc-18f"/>
      </symbol>
      <symbol id="sm-1a9">
         <name>__mspabi_func_epilog_2</name>
         <value>0xc198</value>
         <object_component_ref idref="oc-bf"/>
      </symbol>
      <symbol id="sm-1aa">
         <name>__mspabi_func_epilog_3</name>
         <value>0xc196</value>
         <object_component_ref idref="oc-bf"/>
      </symbol>
      <symbol id="sm-1ab">
         <name>__mspabi_func_epilog_1</name>
         <value>0xc19a</value>
         <object_component_ref idref="oc-bf"/>
      </symbol>
      <symbol id="sm-1ac">
         <name>__mspabi_func_epilog_6</name>
         <value>0xc190</value>
         <object_component_ref idref="oc-bf"/>
      </symbol>
      <symbol id="sm-1ad">
         <name>__mspabi_func_epilog_7</name>
         <value>0xc18e</value>
         <object_component_ref idref="oc-bf"/>
      </symbol>
      <symbol id="sm-1ae">
         <name>__mspabi_func_epilog_4</name>
         <value>0xc194</value>
         <object_component_ref idref="oc-bf"/>
      </symbol>
      <symbol id="sm-1af">
         <name>__mspabi_func_epilog_5</name>
         <value>0xc192</value>
         <object_component_ref idref="oc-bf"/>
      </symbol>
   </symbol_table>
   <title>Link successful</title>
</link_info>
